
> krishi-mitra-ai@0.1.0 build
> next build

   Γû▓ Next.js 16.0.7 (Turbopack)

   Creating an optimized production build ...
node.exe : Error: Cannot 
apply unknown utility class 
`border-border`. Are you 
using CSS modules or 
similar and missing 
`@reference`? https://tailwi
ndcss.com/docs/functions-and
-directives#reference-direct
ive
At line:1 char:1
+ & "C:\Program 
Files\nodejs/node.exe" 
"C:\Program 
Files\nodejs/node_mo ...
+ ~~~~~~~~~~~~~~~~~~~~~~~~~~
~~~~~~~~~~~~~~~~~~~~~~~~~~~~
~~~~~~~~~~~~~~~
    + CategoryInfo          
    : NotSpecified: (Error  
  : Cannot a...rence-dire   
 ctive:String) [], Remot    
eException
    + FullyQualifiedErrorId 
    : NativeCommandError
 
    [2m[at 
onInvalidCandidate (D:\Num\k
rishi-mitra-ai\node_modules\
tailwindcss\dist\lib.js:21:1
314)][0m
    [2m[at Te (D:\Num\krish
i-mitra-ai\node_modules\tail
windcss\dist\lib.js:16:36364
)][0m
    [2m[at D:\Num\krishi-mi
tra-ai\node_modules\tailwind
css\dist\lib.js:21:355][0m
    [2m[at Tr (D:\Num\krish
i-mitra-ai\node_modules\tail
windcss\dist\lib.js:3:1718)]
[0m
    [2m[at _ (D:\Num\krishi
-mitra-ai\node_modules\tailw
indcss\dist\lib.js:3:1377)]
[0m
    [2m[at Se (D:\Num\krish
i-mitra-ai\node_modules\tail
windcss\dist\lib.js:21:172)]
[0m
    [2m[at ln (D:\Num\krish
i-mitra-ai\node_modules\tail
windcss\dist\lib.js:38:294)]
[0m
    [2m[at process.processT
icksAndRejections (node:inte
rnal/process/task_queues:105
:5)][0m
    [2m[at async sn (D:\Num
\krishi-mitra-ai\node_module
s\tailwindcss\dist\lib.js:38
:631)][0m
    [2m[at async Qr (D:\Num
\krishi-mitra-ai\node_module
s\@tailwindcss\node\dist\ind
ex.js:10:3385)][0m

> Build error occurred
Error: Turbopack build 
failed with 1 errors:
./app/globals.css
Error evaluating Node.js 
code
CssSyntaxError: 
tailwindcss: D:\Num\krishi-m
itra-ai\app\globals.css:1:1:
 Cannot apply unknown 
utility class 
`border-border`. Are you 
using CSS modules or 
similar and missing 
`@reference`? https://tailwi
ndcss.com/docs/functions-and
-directives#reference-direct
ive
    at Input.error (node_mod
ules/postcss/lib/input.js:13
5:16) [D:\Num\krishi-mitra-a
i\.next\build\chunks\node_mo
dules_fe693df6._.js:4651:22]
    at Root.error (node_modu
les/postcss/lib/node.js:146:
32) [D:\Num\krishi-mitra-ai\
.next\build\chunks\node_modu
les_fe693df6._.js:928:38]
    [at Object.Once (D:\Num\
krishi-mitra-ai\node_modules
\@tailwindcss\postcss\dist\i
ndex.js:10:6912)]
    [at process.processTicks
AndRejections (node:internal
/process/task_queues:105:5)]
    at async 
LazyResult.runAsync (node_mo
dules/postcss/lib/lazy-resul
t.js:293:11) [D:\Num\krishi-
mitra-ai\.next\build\chunks\
node_modules_fe693df6._.js:6
206:21]
    at async transform (turb
opack:///[turbopack-node]/tr
ansforms/postcss.ts:70:34) [
D:\Num\krishi-mitra-ai\.next
\build\chunks\[root-of-the-s
erver]__51225daf._.js:146:36
]
    at async run (turbopack:
///[turbopack-node]/ipc/eval
uate.ts:92:23) [D:\Num\krish
i-mitra-ai\.next\build\chunk
s\[root-of-the-server]__9749
41ed._.js:443:31]

Import trace:
  Client Component Browser:
    ./app/globals.css 
[Client Component Browser]
    ./app/layout.tsx 
[Server Component]


    at async transform (turb
opack:///[turbopack-node]/tr
ansforms/postcss.ts:70:34) [
D:\Num\krishi-mitra-ai\.next
\build\chunks\[root-of-the-s
erver]__51225daf._.js:146:36
])
    at async run (turbopack:
///[turbopack-node]/ipc/eval
uate.ts:92:23) [D:\Num\krish
i-mitra-ai\.next\build\chunk
s\[root-of-the-server]__9749
41ed._.js:443:31])
